---
source: binoc-stdlib/tests/test_vectors.rs
expression: "&stable_migration"
---
{
  "from_snapshot": "snapshot-a",
  "to_snapshot": "snapshot-b",
  "root": {
    "kind": "modify",
    "item_type": "directory",
    "path": "",
    "children": [
      {
        "kind": "modify",
        "item_type": "file",
        "path": "data.bin",
        "summary": "Content changed (4 bytes → 4 bytes)",
        "tags": [
          "binoc.content-changed"
        ],
        "details": {
          "hash_left": "f30f5ab28fe047904037f77b6da4fea1e27241c5d132638d8bedce9d40494f32",
          "hash_right": "3d9931d0c7afd26a680f6305c583cfdb2ecd9c18096c12069e8f054fac45251b",
          "size_left": 4,
          "size_right": 4
        },
        "comparator": "binoc.binary"
      }
    ],
    "comparator": "binoc.directory"
  }
}
