---
source: binoc-stdlib/tests/test_vectors.rs
expression: "&stable_migration"
---
{
  "from_snapshot": "snapshot-a",
  "to_snapshot": "snapshot-b",
  "root": {
    "kind": "modify",
    "item_type": "directory",
    "path": "",
    "children": [
      {
        "kind": "move",
        "item_type": "text",
        "path": "new_name.txt",
        "source_path": "old_name.txt",
        "summary": "Moved from old_name.txt",
        "tags": [
          "binoc.move"
        ]
      }
    ],
    "comparator": "binoc.directory",
    "transformed_by": [
      "binoc.move_detector"
    ]
  }
}
