---
source: binoc-stdlib/tests/test_vectors.rs
expression: "&stable_migration"
---
{
  "from_snapshot": "snapshot-a",
  "to_snapshot": "snapshot-b",
  "root": {
    "kind": "modify",
    "item_type": "directory",
    "path": "",
    "children": [
      {
        "kind": "modify",
        "item_type": "tabular",
        "path": "data.csv",
        "summary": "2 rows added",
        "tags": [
          "binoc.row-addition"
        ],
        "details": {
          "cells_changed": 0,
          "columns_added": [],
          "columns_left": [
            "name",
            "age"
          ],
          "columns_removed": [],
          "columns_right": [
            "name",
            "age"
          ],
          "hash_left": "da7b8bbf55956445b53ea4cdc7d6b24dbbebf121598c76d83ac206bbec9f812a",
          "hash_right": "9d3084af09a1a8977f5664439bbc23cc0734ffa5eeb3f68e6f1afc635ab48ee3",
          "rows_added": 2,
          "rows_left": 1,
          "rows_removed": 0,
          "rows_right": 3
        },
        "comparator": "binoc.csv"
      }
    ],
    "comparator": "binoc.directory"
  }
}
