---
source: binoc-stdlib/tests/test_vectors.rs
expression: "&stable_migration"
---
{
  "from_snapshot": "snapshot-a",
  "to_snapshot": "snapshot-b",
  "root": {
    "kind": "modify",
    "item_type": "directory",
    "path": "",
    "children": [
      {
        "kind": "reorder",
        "item_type": "tabular",
        "path": "data.csv",
        "summary": "Columns reordered (content unchanged)",
        "tags": [
          "binoc.column-reorder"
        ],
        "details": {
          "cells_changed": 0,
          "columns_added": [],
          "columns_left": [
            "name",
            "age",
            "city"
          ],
          "columns_removed": [],
          "columns_right": [
            "city",
            "name",
            "age"
          ],
          "hash_left": "a765f1321a212e939b76c668a316010b8404cf9c8219d987f0413dc9d12fcf58",
          "hash_right": "672609d4cbc59c84ab7d49867a61464d1d8f54b13e2101c5727e1616c9ec7ffa",
          "rows_added": 0,
          "rows_left": 2,
          "rows_removed": 0,
          "rows_right": 2
        },
        "comparator": "binoc.csv",
        "transformed_by": [
          "binoc.column_reorder_detector"
        ]
      }
    ],
    "comparator": "binoc.directory"
  }
}
