---
source: binoc-stdlib/tests/test_vectors.rs
expression: "&stable_migration"
---
{
  "from_snapshot": "snapshot-a",
  "to_snapshot": "snapshot-b",
  "root": {
    "kind": "modify",
    "item_type": "directory",
    "path": "",
    "children": [
      {
        "kind": "modify",
        "item_type": "zip_archive",
        "path": "outer.zip",
        "children": [
          {
            "kind": "modify",
            "item_type": "directory",
            "path": "outer.zip",
            "children": [
              {
                "kind": "modify",
                "item_type": "zip_archive",
                "path": "outer.zip/inner.zip",
                "children": [
                  {
                    "kind": "modify",
                    "item_type": "directory",
                    "path": "outer.zip/inner.zip",
                    "children": [
                      {
                        "kind": "modify",
                        "item_type": "tabular",
                        "path": "outer.zip/inner.zip/data.csv",
                        "summary": "1 row added",
                        "tags": [
                          "binoc.row-addition"
                        ],
                        "details": {
                          "cells_changed": 0,
                          "columns_added": [],
                          "columns_left": [
                            "name",
                            "age"
                          ],
                          "columns_removed": [],
                          "columns_right": [
                            "name",
                            "age"
                          ],
                          "hash_left": "da7b8bbf55956445b53ea4cdc7d6b24dbbebf121598c76d83ac206bbec9f812a",
                          "hash_right": "5c23cb3199c0882f4743d97b03873b1fb881bf2592ff4ab318ba8213593162e3",
                          "rows_added": 1,
                          "rows_left": 1,
                          "rows_removed": 0,
                          "rows_right": 2
                        },
                        "comparator": "binoc.csv"
                      }
                    ],
                    "comparator": "binoc.directory"
                  }
                ],
                "details": {
                  "hash_left": "1b56e82aa00813dda455426e0f04671097892fdc1250cc8f54163dca85f822ea",
                  "hash_right": "c1e9067ea6f651c61a3874012b92c6ef6a7faa4a17d6d5c5fc168198e295a034"
                },
                "comparator": "binoc.zip"
              }
            ],
            "comparator": "binoc.directory"
          }
        ],
        "details": {
          "hash_left": "f9fc5fb0555ddd8f40d2e4537fc61263bb426a6f741047309796dd48eb200197",
          "hash_right": "c5d5ca595c4596820f0f5470d3c6990173da99d98aa0e2c0cd3d57f1810bb190"
        },
        "comparator": "binoc.zip"
      }
    ],
    "comparator": "binoc.directory"
  }
}
