---
source: binoc-stdlib/tests/test_vectors.rs
expression: "&stable_migration"
---
{
  "from_snapshot": "snapshot-a",
  "to_snapshot": "snapshot-b",
  "root": {
    "kind": "modify",
    "item_type": "directory",
    "path": "",
    "children": [
      {
        "kind": "modify",
        "item_type": "tabular",
        "path": "data.csv",
        "summary": "2 cells changed",
        "tags": [
          "binoc.cell-change"
        ],
        "details": {
          "cells_changed": 2,
          "columns_added": [],
          "columns_left": [
            "name",
            "score"
          ],
          "columns_removed": [],
          "columns_right": [
            "name",
            "score"
          ],
          "hash_left": "bed182a183cdfc4b775833b347569c98740d8e000d85278e82ac9602d2af36fa",
          "hash_right": "b083286a3ada2ec6791d8793982075d220b30857177753b12ce45e864a584d10",
          "rows_added": 0,
          "rows_left": 3,
          "rows_removed": 0,
          "rows_right": 3
        },
        "comparator": "binoc.csv"
      }
    ],
    "comparator": "binoc.directory"
  }
}
