---
source: binoc-stdlib/tests/test_vectors.rs
expression: "&stable_migration"
---
{
  "from_snapshot": "snapshot-a",
  "to_snapshot": "snapshot-b",
  "root": {
    "kind": "modify",
    "item_type": "directory",
    "path": "",
    "children": [
      {
        "kind": "modify",
        "item_type": "tabular",
        "path": "data.csv",
        "summary": "Column added: 'email'; columns reordered; 1 row added",
        "tags": [
          "binoc.column-addition",
          "binoc.column-reorder",
          "binoc.row-addition",
          "binoc.schema-change"
        ],
        "details": {
          "cells_changed": 0,
          "columns_added": [
            "email"
          ],
          "columns_left": [
            "name",
            "age",
            "city"
          ],
          "columns_removed": [],
          "columns_right": [
            "city",
            "name",
            "age",
            "email"
          ],
          "hash_left": "a765f1321a212e939b76c668a316010b8404cf9c8219d987f0413dc9d12fcf58",
          "hash_right": "61b13952b08b978a78b64484a71389d7064cd65fdf982681d7dca0f90715db8b",
          "rows_added": 1,
          "rows_left": 2,
          "rows_removed": 0,
          "rows_right": 3
        },
        "comparator": "binoc.csv"
      }
    ],
    "comparator": "binoc.directory"
  }
}
