---
source: binoc-stdlib/tests/test_vectors.rs
expression: "&stable_migration"
---
{
  "from_snapshot": "snapshot-a",
  "to_snapshot": "snapshot-b",
  "root": {
    "kind": "modify",
    "item_type": "directory",
    "path": "",
    "children": [
      {
        "kind": "modify",
        "item_type": "tabular",
        "path": "data.csv",
        "summary": "Column added: 'email'",
        "tags": [
          "binoc.column-addition",
          "binoc.schema-change"
        ],
        "details": {
          "cells_changed": 0,
          "columns_added": [
            "email"
          ],
          "columns_left": [
            "name",
            "age"
          ],
          "columns_removed": [],
          "columns_right": [
            "name",
            "age",
            "email"
          ],
          "hash_left": "5c23cb3199c0882f4743d97b03873b1fb881bf2592ff4ab318ba8213593162e3",
          "hash_right": "ba70ccdeb5e198834b1c94230f981cf9d54bc30877556ce6060921ba3db4441f",
          "rows_added": 0,
          "rows_left": 2,
          "rows_removed": 0,
          "rows_right": 2
        },
        "comparator": "binoc.csv"
      }
    ],
    "comparator": "binoc.directory"
  }
}
